2022-03-06 02:42:57 Error: this is a top level error 'hopa'
   command-line-arguments.TestTrace: /Users/alex/golang/src/github.com/alex-eftimie/error/main_test.go:23

   this is a level 3 error 'hopa'
   command-line-arguments.TestTrace: /Users/alex/golang/src/github.com/alex-eftimie/error/main_test.go:22

   this is a level 2 error 'oupss'
   command-line-arguments.TestTrace: /Users/alex/golang/src/github.com/alex-eftimie/error/main_test.go:21

   error bad request
   command-line-arguments.TestTrace: /Users/alex/golang/src/github.com/alex-eftimie/error/main_test.go:20
   command-line-arguments.TestTrace: /Users/alex/golang/src/github.com/alex-eftimie/error/main_test.go:21
   command-line-arguments.TestTrace: /Users/alex/golang/src/github.com/alex-eftimie/error/main_test.go:22
   command-line-arguments.TestTrace: /Users/alex/golang/src/github.com/alex-eftimie/error/main_test.go:23


