2022-03-30 20:04:47 [91mError: [0m[33mthis is a top level error 'hopa'[0m
   [36mgo-dev-niceties.TestTrace[0m: /Users/alex/golang/src/github.com/ideatocode/go-dev-niceties/dev_test.go:[94m23[0m

   [90mthis is a level 3 error 'hopa'[0m
   [36mgo-dev-niceties.TestTrace[0m: /Users/alex/golang/src/github.com/ideatocode/go-dev-niceties/dev_test.go:[94m22[0m

   [90mthis is a level 2 error 'oupss'[0m
   [36mgo-dev-niceties.TestTrace[0m: /Users/alex/golang/src/github.com/ideatocode/go-dev-niceties/dev_test.go:[94m21[0m

   [31merror bad request[0m
   [36mgo-dev-niceties.TestTrace[0m: /Users/alex/golang/src/github.com/ideatocode/go-dev-niceties/dev_test.go:[94m20[0m
   [36mgo-dev-niceties.TestTrace[0m: /Users/alex/golang/src/github.com/ideatocode/go-dev-niceties/dev_test.go:[94m21[0m
   [36mgo-dev-niceties.TestTrace[0m: /Users/alex/golang/src/github.com/ideatocode/go-dev-niceties/dev_test.go:[94m22[0m
   [36mgo-dev-niceties.TestTrace[0m: /Users/alex/golang/src/github.com/ideatocode/go-dev-niceties/dev_test.go:[94m23[0m


